// Jest Snapshot v1, https://goo.gl/fbAQLP

exports[`Prubeas en <GifItem debe hacer match con el snapshot 1`] = `
<div>
  <div
    class="card"
  >
    <img
      alt="Pikachu"
      src="https://giphy.com/clips/cameronpaulsmith-bH03afFirwWm0Qn6wo"
    />
    <p>
      Pikachu
    </p>
  </div>
</div>
`;
